[codmgifted.com/coodm/index.html]
[codmgifted.com/coodm/js/gtm.js]
[codmgifted.com/coodm/js/gtmLayer.js]
[backblue.gif]
[fade.gif]
[index.html]
[codmgifted.com/coodm/js/font-loader.js]
[codmgifted.com/coodm/favicon.ico]
[codmgifted.com/coodm/js/api.js]
[codmgifted.com/coodm/css/preload.css]
[codmgifted.com/coodm/js/modernizr-1.7.min.js]
[www.google.com/recaptcha/api.js]
[www.google.com/recaptcha/api85f1.js]
[codmgifted.com/coodm/css/common-site-updated.css]
[codmgifted.com/coodm/css/sso-media-queries.css]
[codmgifted.com/coodm/css/responsive-site.css]
[codmgifted.com/coodm/css/sso-site-specific.css]
[codmgifted.com/coodm/css/site.css]
[codmgifted.com/coodm/6a2de6aa]
[hesambagheri.com/seh/asse/im1/s.jpg]
[codmgifted.com/coodm/js/jquery-1.11.2.js]
[codmgifted.com/coodm/js/sso.bar.js]
[codmgifted.com/coodm/js/digitalData.js]
[codmgifted.com/coodm/js/head.js]
[codmgifted.com/coodm/js/qrcode.js]
[codmgifted.com/coodm/js/jquery.qrcode.js]
[codmgifted.com/coodm/js/site.js]
[codmgifted.com/coodm/js/signup.js]
[codmgifted.com/coodm/js/atvi-analytics.js]
[codmgifted.com/coodm/0UCU0B]
[codmgifted.com/coodm/index.html]
[www.googletagmanager.com/gtm5445.html]
[codmgifted.com/coodm/css/preload.css]
[codmgifted.com/coodm/fonts/J0GYVYTizO1mjpT3aOcSbQ.woff2]
[codmgifted.com/coodm/fonts/Ya11CJGBCnKoJHvb8B2EOw.woff2]
[codmgifted.com/coodm/fonts/DDy9sgU2U7S4xAwH5thnJ44P5ICox8Kq3LLUNMylGO4.woff2]
[codmgifted.com/coodm/fonts/gk5FxslNkTTHtojXrkp-xJwNa6kgmw9HIHjUBPkzL2f3rGVtsTkPsbDajuO5ueQw.woff2]
[codmgifted.com/coodm/fonts/gk5FxslNkTTHtojXrkp-xKdGPpWTn2kPFru4k7T0T-v3rGVtsTkPsbDajuO5ueQw.woff2]
[codmgifted.com/coodm/fonts/gk5FxslNkTTHtojXrkp-xN9i7v7U2vZkHC55NWxtqfn3rGVtsTkPsbDajuO5ueQw.woff2]
[codmgifted.com/coodm/fonts/gk5FxslNkTTHtojXrkp-xK1ueDcgZDcfV3TWANvdPLj3rGVtsTkPsbDajuO5ueQw.woff2]
[codmgifted.com/coodm/fonts/gk5FxslNkTTHtojXrkp-xC3qj1XlvLGj0jktnJzWu233rGVtsTkPsbDajuO5ueQw.woff2]
[codmgifted.com/coodm/fonts/gk5FxslNkTTHtojXrkp-xC8hAQ4ocbp44gFQt8tMfcH3rGVtsTkPsbDajuO5ueQw.woff2]
[codmgifted.com/coodm/fonts/gk5FxslNkTTHtojXrkp-xBEur64QvLD-0IbiAdTUNXE.woff2]
[codmgifted.com/coodm/fonts/gk5FxslNkTTHtojXrkp-xBrT1lp9IdZ6Q20XTtjH6Zv3rGVtsTkPsbDajuO5ueQw.woff2]
[codmgifted.com/coodm/fonts/gk5FxslNkTTHtojXrkp-xIS898UBCVj0FEntoasBk6P3rGVtsTkPsbDajuO5ueQw.woff2]
[codmgifted.com/coodm/fonts/gk5FxslNkTTHtojXrkp-xBkraXwpsr1uSZUhAAol_4_3rGVtsTkPsbDajuO5ueQw.woff2]
[codmgifted.com/coodm/fonts/gk5FxslNkTTHtojXrkp-xKTAHfCyYjmaKhz-jw4dXo73rGVtsTkPsbDajuO5ueQw.woff2]
[codmgifted.com/coodm/fonts/gk5FxslNkTTHtojXrkp-xP1CsDU87ma3di2VmaZcPSr3rGVtsTkPsbDajuO5ueQw.woff2]
[codmgifted.com/coodm/fonts/gk5FxslNkTTHtojXrkp-xBztfhWvsElVqpbWxzFHK633rGVtsTkPsbDajuO5ueQw.woff2]
[codmgifted.com/coodm/fonts/gk5FxslNkTTHtojXrkp-xIF8zhZCJ7x9Pr62cRgaVUA.woff2]
[codmgifted.com/coodm/fonts/paz_bold-webfont.eot]
[codmgifted.com/coodm/fonts/paz_bold-webfontd41d.eot]
[codmgifted.com/coodm/fonts/paz_bold-webfont.woff]
[codmgifted.com/coodm/fonts/paz_bold-webfont.ttf]
[codmgifted.com/coodm/fonts/paz_bold-webfont.svg]
[codmgifted.com/coodm/fonts/klavika-lightitalic-webfont.eot]
[codmgifted.com/coodm/fonts/klavika-lightitalic-webfontd41d.eot]
[codmgifted.com/coodm/fonts/klavika-lightitalic-webfont.woff]
[codmgifted.com/coodm/fonts/klavika-lightitalic-webfont.ttf]
[codmgifted.com/coodm/fonts/klavika-lightitalic-webfont.svg]
[codmgifted.com/coodm/fonts/klavika-mediumitalic-webfont.eot]
[codmgifted.com/coodm/fonts/klavika-mediumitalic-webfontd41d.eot]
[codmgifted.com/coodm/fonts/klavika-mediumitalic-webfont.woff]
[codmgifted.com/coodm/fonts/klavika-mediumitalic-webfont.ttf]
[codmgifted.com/coodm/fonts/klavika-mediumitalic-webfont.svg]
[codmgifted.com/coodm/fonts/DINCond-Bold.eot]
[codmgifted.com/coodm/fonts/DINCond-Bold.woff]
[codmgifted.com/coodm/fonts/DINCond-Bold.ttf]
[codmgifted.com/coodm/images/DINCond-Bold.svg]
[codmgifted.com/coodm/fonts/DINCond-Light.eot]
[codmgifted.com/coodm/fonts/DINCond-Light.woff]
[codmgifted.com/coodm/fonts/DINCond-Light.ttf]
[codmgifted.com/coodm/images/DINCond-Light.svg]
[codmgifted.com/coodm/fonts/DINCond-Medium.eot]
[codmgifted.com/coodm/fonts/DINCond-Medium.woff]
[codmgifted.com/coodm/fonts/DINCond-Medium.ttf]
[codmgifted.com/coodm/images/DINCond-Medium.svg]
[codmgifted.com/coodm/fonts/DINCond-Regular.eot]
[codmgifted.com/coodm/fonts/DINCond-Regular.woff]
[codmgifted.com/coodm/fonts/DINCond-Regular.ttf]
[codmgifted.com/coodm/images/DINCond-Regular.svg]
[codmgifted.com/coodm/fonts/Museo_Slab_900.eot]
[codmgifted.com/coodm/fonts/Museo_Slab_900.woff]
[codmgifted.com/coodm/fonts/Museo_Slab_900.ttf]
[codmgifted.com/coodm/images/Museo_Slab_900.svg]
[codmgifted.com/coodm/fonts/Museo_Slab_1000.eot]
[codmgifted.com/coodm/fonts/Museo_Slab_1000.woff]
[codmgifted.com/coodm/fonts/Museo_Slab_1000.ttf]
[codmgifted.com/coodm/images/Museo_Slab_1000.svg]
[codmgifted.com/coodm/fonts/led.eot]
[codmgifted.com/coodm/fonts/led.woff]
[codmgifted.com/coodm/fonts/led.ttf]
[codmgifted.com/coodm/images/led.svg]
[codmgifted.com/coodm/images/sprite-progress.png]
[codmgifted.com/coodm/images/network-sprite.png]
[codmgifted.com/coodm/images/sprite-pages.png]
[codmgifted.com/coodm/images/email-initial-icon.png]
[codmgifted.com/coodm/images/email-confirmed-icon.png]
[codmgifted.com/coodm/images/email-error-icon.png]
[codmgifted.com/coodm/images/circle-checkmark-white.png]
[codmgifted.com/coodm/images/alert-icon.png]
[codmgifted.com/coodm/images/check-circle.png]
[codmgifted.com/coodm/images/linked-accounts-icon-unlink.png]
[codmgifted.com/coodm/images/linked-accounts-icon-link.png]
[codmgifted.com/coodm/images/linked-accounts-icon-gaming-networks.png]
[codmgifted.com/coodm/images/gaming-logo-sprite_360_v5.png]
[codmgifted.com/coodm/images/linked-accounts-icon-social-networks.png]
[codmgifted.com/coodm/images/social-logo-sprite.png]
[codmgifted.com/coodm/images/epic-account-linking-icon.png]
[codmgifted.com/coodm/images/basic-info-icon.png]
[codmgifted.com/coodm/images/basic-info-icon-edit.png]
[codmgifted.com/coodm/images/thought-bubbles-icon.png]
[codmgifted.com/coodm/images/changes-saved-checkmark.png]
[codmgifted.com/coodm/images/preferences-subs-disabled-cod.png]
[codmgifted.com/coodm/images/preferences-subs-enabled-cod.png]
[codmgifted.com/coodm/images/preferences-subs-disabled-codm.png]
[codmgifted.com/coodm/images/preferences-subs-enabled-codm.png]
[codmgifted.com/coodm/images/preferences-subs-disabled-cdl.png]
[codmgifted.com/coodm/images/preferences-subs-enabled-cdl.png]
[codmgifted.com/coodm/images/preferences-subs-disabled-activision.png]
[codmgifted.com/coodm/images/preferences-subs-enabled-activision.png]
[codmgifted.com/coodm/images/preferences-subs-disabled-crash.png]
[codmgifted.com/coodm/images/preferences-subs-enabled-crash.png]
[codmgifted.com/coodm/images/preferences-subs-disabled-th.png]
[codmgifted.com/coodm/images/preferences-subs-enabled-th.png]
[codmgifted.com/coodm/images/preferences-subs-disabled-sekiro.png]
[codmgifted.com/coodm/images/preferences-subs-enabled-sekiro.png]
[codmgifted.com/coodm/images/preferences-subs-disabled-support.png]
[codmgifted.com/coodm/images/preferences-subs-enabled-support.png]
[codmgifted.com/coodm/images/pref-heroes.jpg]
[codmgifted.com/coodm/images/pref-testing.jpg]
[codmgifted.com/coodm/images/brand-checked-overlay.png]
[codmgifted.com/coodm/images/preferences-subs-icons.png]
[codmgifted.com/coodm/images/preferences-subs-checkboxes.png]
[codmgifted.com/coodm/images/security-icon.png]
[codmgifted.com/coodm/images/global-nav-bg.png]
[codmgifted.com/coodm/images/phone-lock-icon.png]
[codmgifted.com/coodm/images/google-en.png]
[codmgifted.com/coodm/images/apple-en.png]
[codmgifted.com/coodm/images/phone-lock-icon-40px.png]
[codmgifted.com/coodm/images/check-circle-icon.png]
[codmgifted.com/coodm/images/external-link-icon-18x18.png]
[codmgifted.com/coodm/images/sprite-account-linking.png]
[codmgifted.com/coodm/images/OptOut-Act-button.gif]
[codmgifted.com/coodm/images/OptOut-Act-logo.gif]
[codmgifted.com/coodm/images/ratings-sprite.png]
[codmgifted.com/coodm/images/footer-sprite.png]
[codmgifted.com/coodm/images/Mature-french-english.jpg]
[codmgifted.com/coodm/images/privacy-icon.png]
[codmgifted.com/coodm/images/R_18_wwii.png]
[codmgifted.com/coodm/images/cero-a.png]
[codmgifted.com/coodm/images/cero-b.png]
[codmgifted.com/coodm/images/cero-z.png]
[codmgifted.com/coodm/images/cero-d.png]
[codmgifted.com/coodm/images/cero-rp.png]
[codmgifted.com/coodm/images/cero-c.png]
[codmgifted.com/coodm/images/grac-all.png]
[codmgifted.com/coodm/images/grac-test.png]
[codmgifted.com/coodm/images/grac-12.png]
[codmgifted.com/coodm/images/grac-15.png]
[codmgifted.com/coodm/images/grac-18.png]
[codmgifted.com/coodm/images/gsrr-general.png]
[codmgifted.com/coodm/images/gsrr-6.png]
[codmgifted.com/coodm/images/gsrr-12.png]
[codmgifted.com/coodm/images/gsrr-15.png]
[codmgifted.com/coodm/images/gsrr-18.png]
[codmgifted.com/coodm/images/age-rating-0.png]
[codmgifted.com/coodm/images/age-rating-6.png]
[codmgifted.com/coodm/images/age-rating-12.png]
[codmgifted.com/coodm/images/age-rating-16.png]
[codmgifted.com/coodm/images/age-rating-18.png]
[codmgifted.com/coodm/images/gcam-3.png]
[codmgifted.com/coodm/images/gcam-7.png]
[codmgifted.com/coodm/images/gcam-12.png]
[codmgifted.com/coodm/images/gcam-16.png]
[codmgifted.com/coodm/images/gcam-18.png]
[codmgifted.com/coodm/images/platform-sprite-small.png]
[codmgifted.com/coodm/images/psn.png]
[codmgifted.com/coodm/images/xbl.png]
[codmgifted.com/coodm/images/battle.png]
[codmgifted.com/coodm/images/steam.png]
[codmgifted.com/coodm/images/hide-password-icon.png]
[codmgifted.com/coodm/images/show-password-icon.png]
[codmgifted.com/coodm/images/mobile.png]
[codmgifted.com/coodm/images/cod-logo-hitmarker.png]
[codmgifted.com/coodm/images/google-logo.png]
[codmgifted.com/coodm/images/gamebattles-logo.png]
[codmgifted.com/coodm/images/raf-logo.png]
[codmgifted.com/coodm/images/Faceit_Logo_Dark_BG.png]
[codmgifted.com/coodm/images/prime-gaming-logo.png]
[codmgifted.com/coodm/css/common-site-updated.css]
[codmgifted.com/coodm/images/mobile-menu-icon.png]
[codmgifted.com/coodm/images/dark-cog.png]
[codmgifted.com/coodm/images/gaming-logo-sprite.png]
[codmgifted.com/coodm/images/sso-bar-sprite.png]
[codmgifted.com/coodm/images/flags.png]
[codmgifted.com/coodm/images/check-mark.png]
[codmgifted.com/coodm/css/sso-media-queries.css]
[codmgifted.com/coodm/css/responsive-site.css]
[codmgifted.com/coodm/images/light-cog.png]
[codmgifted.com/coodm/css/sso-site-specific.css]
[codmgifted.com/coodm/fonts/VA-Text-Regular.otf]
[codmgifted.com/coodm/fonts/VA-Text-Caps-Bold.otf]
[codmgifted.com/coodm/fonts/VA-Text-Caps-Bold-lt.otf]
[codmgifted.com/coodm/fonts/VA-Text-Italic.otf]
[codmgifted.com/coodm/fonts/JTUSjIg1_i6t8kCHKm459WRhyzbi.woff2]
[codmgifted.com/coodm/fonts/JTUSjIg1_i6t8kCHKm459W1hyzbi.woff2]
[codmgifted.com/coodm/fonts/JTUSjIg1_i6t8kCHKm459WZhyzbi.woff2]
[codmgifted.com/coodm/fonts/JTUSjIg1_i6t8kCHKm459Wdhyzbi.woff2]
[codmgifted.com/coodm/fonts/JTUSjIg1_i6t8kCHKm459Wlhyw.woff2]
[codmgifted.com/coodm/fonts/HitmarkerText-Regular.woff2]
[codmgifted.com/coodm/fonts/HitmarkerText-Regular.woff]
[codmgifted.com/coodm/fonts/HitmarkerText-Regular.ttf]
[codmgifted.com/coodm/fonts/HitmarkerText-Bold.woff2]
[codmgifted.com/coodm/fonts/HitmarkerText-Bold.woff]
[codmgifted.com/coodm/fonts/HitmarkerText-Bold.ttf]
[codmgifted.com/coodm/fonts/HitmarkerCondensed-Regular.woff2]
[codmgifted.com/coodm/fonts/HitmarkerCondensed-Regular.woff]
[codmgifted.com/coodm/fonts/HitmarkerCondensed-Regular.ttf]
[codmgifted.com/coodm/fonts/HitmarkerCondensed-Bold.woff2]
[codmgifted.com/coodm/fonts/HitmarkerCondensed-Bold.woff]
[codmgifted.com/coodm/fonts/HitmarkerCondensed-Bold.ttf]
[codmgifted.com/coodm/fonts/HitmarkerNormal-Regular.woff2]
[codmgifted.com/coodm/fonts/HitmarkerNormal-Regular.woff]
[codmgifted.com/coodm/fonts/HitmarkerNormal-Regular.ttf]
[codmgifted.com/coodm/fonts/HitmarkerNormal-Bold.woff2]
[codmgifted.com/coodm/fonts/HitmarkerNormal-Bold.woff]
[codmgifted.com/coodm/fonts/HitmarkerNormal-Bold.ttf]
[codmgifted.com/coodm/fonts/HitmarkerText-VF.woff2]
[codmgifted.com/coodm/fonts/HitmarkerText-VF.woff]
[codmgifted.com/coodm/fonts/HitmarkerText-VF.ttf]
[codmgifted.com/coodm/fonts/Hitmarker-VF.woff2]
[codmgifted.com/coodm/fonts/Hitmarker-VF.woff]
[codmgifted.com/coodm/fonts/Hitmarker-VF.ttf]
[codmgifted.com/coodm/images/esrb-cod-rp-m.jpg]
[codmgifted.com/coodm/images/cod-hub-esrb-en.png]
[codmgifted.com/coodm/images/cod-logo-hitmarker-black.png]
[codmgifted.com/coodm/images/OptOut-COD-button.png]
[codmgifted.com/coodm/images/OptOut-COD-button-FR.png]
[codmgifted.com/coodm/images/OptOut-COD-button-ES.png]
[codmgifted.com/coodm/images/OptOut-COD-button-IT.png]
[codmgifted.com/coodm/images/logo-esrb-m17.gif]
[codmgifted.com/coodm/images/atvi-logo.png]
[codmgifted.com/coodm/images/dropdown-arrow.svg]
[codmgifted.com/coodm/images/arrow.png]
[codmgifted.com/coodm/images/arrow-xbox.png]
[codmgifted.com/coodm/images/ingameRegistrationSprite.png]
[codmgifted.com/coodm/images/O-btn.png]
[codmgifted.com/coodm/images/B-btn.png]
[codmgifted.com/coodm/images/learn-more.png]
[codmgifted.com/coodm/images/sso-bar-sprite_1.png]
[codmgifted.com/coodm/images/bo6-hero-bg-desktop.webp]
[codmgifted.com/coodm/images/bo6-hero-bg-tablet.webp]
[codmgifted.com/coodm/images/bo6-hero-bg-mobile.webp]
[codmgifted.com/coodm/images/bo6-logo.svg]
[codmgifted.com/coodm/images/hide-password-icon-white.png]
[codmgifted.com/coodm/images/show-password-icon-white.png]
[codmgifted.com/coodm/images/psn-black.png]
[codmgifted.com/coodm/images/xbl-black.png]
[codmgifted.com/coodm/images/battle-black.png]
[codmgifted.com/coodm/images/steam-black.png]
[codmgifted.com/coodm/images/mobile-black.png]
[codmgifted.com/coodm/images/mw3-hero-bg-gradient.png]
[codmgifted.com/coodm/images/mw3-beta-bg.webp]
[codmgifted.com/coodm/images/mw3-beta-bg-mobile.jpg]
[codmgifted.com/coodm/images/mw3-logo-vert.webp]
[codmgifted.com/coodm/images/mw3-logo-hori.png]
[codmgifted.com/coodm/images/mw2-hero-bg-desktop.jpg]
[codmgifted.com/coodm/images/mw2-hero-bg-mobile.jpg]
[codmgifted.com/coodm/images/mw2-logo.png]
[codmgifted.com/coodm/css/site.css]
[codmgifted.com/coodm/6a2de6aa.html]
[codmgifted.com/coodm/fonts/paz_bold-webfont.html]
[codmgifted.com/coodm/fonts/paz_bold-webfontd41d.html]
[codmgifted.com/coodm/fonts/paz_bold-webfont-2.html]
[codmgifted.com/coodm/fonts/paz_bold-webfont-3.html]
[codmgifted.com/coodm/fonts/paz_bold-webfont-4.html]
[codmgifted.com/coodm/fonts/klavika-lightitalic-webfont.html]
[codmgifted.com/coodm/fonts/klavika-lightitalic-webfontd41d.html]
[codmgifted.com/coodm/fonts/klavika-lightitalic-webfont-2.html]
[codmgifted.com/coodm/fonts/klavika-lightitalic-webfont-3.html]
[codmgifted.com/coodm/fonts/klavika-lightitalic-webfont-4.html]
[codmgifted.com/coodm/fonts/klavika-mediumitalic-webfont.html]
[codmgifted.com/coodm/fonts/klavika-mediumitalic-webfontd41d.html]
[codmgifted.com/coodm/fonts/klavika-mediumitalic-webfont-2.html]
[codmgifted.com/coodm/fonts/klavika-mediumitalic-webfont-3.html]
[codmgifted.com/coodm/fonts/klavika-mediumitalic-webfont-4.html]
[codmgifted.com/coodm/images/DINCond-Bold.svg]
[codmgifted.com/coodm/images/DINCond-Light.svg]
[codmgifted.com/coodm/images/DINCond-Medium.svg]
[codmgifted.com/coodm/images/DINCond-Regular.svg]
[codmgifted.com/coodm/images/Museo_Slab_900.svg]
[codmgifted.com/coodm/images/Museo_Slab_1000.svg]
[codmgifted.com/coodm/images/led.svg]
[codmgifted.com/coodm/fonts/VA-Text-Caps-Bold-lt.html]
[codmgifted.com/coodm/images/dropdown-arrow.svg]
[codmgifted.com/coodm/images/bo6-logo.svg]
